[0m09:47:48.976919 [debug] [MainThread]: Sending event: {'category': 'dbt', 'action': 'invocation', 'label': 'start', 'context': [<snowplow_tracker.self_describing_json.SelfDescribingJson object at 0x7769aca95d30>, <snowplow_tracker.self_describing_json.SelfDescribingJson object at 0x7769ae8f0910>, <snowplow_tracker.self_describing_json.SelfDescribingJson object at 0x7769ab3db9d0>]}


============================== 09:47:48.983684 | 6d40d2b2-962f-488b-9fd1-cdef68fab261 ==============================
[0m09:47:48.983684 [info ] [MainThread]: Running with dbt=1.12.5
[0m09:47:48.984250 [debug] [MainThread]: running dbt with arguments {'printer_width': '80', 'send_anonymous_usage_stats': 'True', 'indirect_selection': 'eager', 'warn_error_options': 'WarnErrorOptionsV2(error=[], warn=[], silence=[])', 'introspect': 'True', 'log_format': 'default', 'warn_error': 'None', 'debug': 'False', 'invocation_command': 'dbt init transform', 'profiles_dir': '/home/phaw/.dbt', 'use_colors': 'True', 'log_cache_events': 'False', 'cache_selected_only': 'False', 'static_parser': 'True', 'fail_fast': 'False', 'version_check': 'True', 'hints_enabled': 'True', 'no_print': 'None', 'write_json': 'True', 'empty': 'None', 'log_path': 'logs', 'partial_parse': 'True', 'use_experimental_parser': 'False', 'quiet': 'False', 'target_path': 'None', 'maximum_seed_size_mib': '1'}
[0m09:47:49.000920 [info ] [MainThread]: Creating dbt configuration folder at /home/phaw/.dbt
[0m09:47:49.003441 [debug] [MainThread]: Starter project path: /home/phaw/Documents/Python/Data Engineer/weather-elt-pipeline/venv/lib/python3.14/site-packages/dbt/include/starter_project
[0m09:47:49.008649 [info ] [MainThread]: Setting up your profile.
[0m09:50:33.577986 [info ] [MainThread]: Profile transform written to /home/phaw/.dbt/profiles.yml using target's profile_template.yml and your supplied values.
[0m09:50:33.655115 [info ] [MainThread]: Running dbt debug to validate the project...
[0m09:50:33.662615 [info ] [MainThread]: dbt version: 1.12.5
[0m09:50:33.663547 [info ] [MainThread]: python version: 3.14.2
[0m09:50:33.663932 [info ] [MainThread]: python path: /home/phaw/Documents/Python/Data Engineer/weather-elt-pipeline/venv/bin/python3
[0m09:50:33.664892 [info ] [MainThread]: os info: Linux-7.1.5-76070105-generic-x86_64-with-glibc2.39
[0m09:50:33.862230 [info ] [MainThread]: Using profiles dir at /home/phaw/.dbt
[0m09:50:33.863540 [info ] [MainThread]: Using profiles.yml file at /home/phaw/.dbt/profiles.yml
[0m09:50:33.864077 [info ] [MainThread]: Using dbt_project.yml file at /home/phaw/Documents/Python/Data Engineer/weather-elt-pipeline/transform/dbt_project.yml
[0m09:50:33.866057 [info ] [MainThread]: adapter type: postgres
[0m09:50:33.866383 [info ] [MainThread]: adapter version: 1.11.0
[0m09:50:34.085462 [info ] [MainThread]: Configuration:
[0m09:50:34.086132 [info ] [MainThread]:   profiles.yml file [[32mOK found and valid[0m]
[0m09:50:34.086544 [info ] [MainThread]:   dbt_project.yml file [[32mOK found and valid[0m]
[0m09:50:34.086943 [info ] [MainThread]: Required dependencies:
[0m09:50:34.088485 [debug] [MainThread]: Executing "git --help"
[0m09:50:34.106020 [debug] [MainThread]: STDOUT: "b"usage: git [-v | --version] [-h | --help] [-C <path>] [-c <name>=<value>]\n           [--exec-path[=<path>]] [--html-path] [--man-path] [--info-path]\n           [-p | --paginate | -P | --no-pager] [--no-replace-objects] [--bare]\n           [--git-dir=<path>] [--work-tree=<path>] [--namespace=<name>]\n           [--config-env=<name>=<envvar>] <command> [<args>]\n\nThese are common Git commands used in various situations:\n\nstart a working area (see also: git help tutorial)\n   clone     Clone a repository into a new directory\n   init      Create an empty Git repository or reinitialize an existing one\n\nwork on the current change (see also: git help everyday)\n   add       Add file contents to the index\n   mv        Move or rename a file, a directory, or a symlink\n   restore   Restore working tree files\n   rm        Remove files from the working tree and from the index\n\nexamine the history and state (see also: git help revisions)\n   bisect    Use binary search to find the commit that introduced a bug\n   diff      Show changes between commits, commit and working tree, etc\n   grep      Print lines matching a pattern\n   log       Show commit logs\n   show      Show various types of objects\n   status    Show the working tree status\n\ngrow, mark and tweak your common history\n   branch    List, create, or delete branches\n   commit    Record changes to the repository\n   merge     Join two or more development histories together\n   rebase    Reapply commits on top of another base tip\n   reset     Reset current HEAD to the specified state\n   switch    Switch branches\n   tag       Create, list, delete or verify a tag object signed with GPG\n\ncollaborate (see also: git help workflows)\n   fetch     Download objects and refs from another repository\n   pull      Fetch from and integrate with another repository or a local branch\n   push      Update remote refs along with associated objects\n\n'git help -a' and 'git help -g' list available subcommands and some\nconcept guides. See 'git help <command>' or 'git help <concept>'\nto read about a specific subcommand or concept.\nSee 'git help git' for an overview of the system.\n""
[0m09:50:34.106776 [debug] [MainThread]: STDERR: "b''"
[0m09:50:34.107733 [info ] [MainThread]:  - git [[32mOK found[0m]

[0m09:50:34.108215 [info ] [MainThread]: Connection:
[0m09:50:34.109077 [info ] [MainThread]:   host: localhost
[0m09:50:34.109543 [info ] [MainThread]:   port: 5432
[0m09:50:34.109974 [info ] [MainThread]:   user: postgres
[0m09:50:34.110325 [info ] [MainThread]:   database: weather_dw
[0m09:50:34.110668 [info ] [MainThread]:   schema: public
[0m09:50:34.111139 [info ] [MainThread]:   connect_timeout: 10
[0m09:50:34.111618 [info ] [MainThread]:   role: None
[0m09:50:34.111976 [info ] [MainThread]:   search_path: None
[0m09:50:34.112333 [info ] [MainThread]:   keepalives_idle: 0
[0m09:50:34.112677 [info ] [MainThread]:   sslmode: None
[0m09:50:34.113054 [info ] [MainThread]:   sslcert: None
[0m09:50:34.113416 [info ] [MainThread]:   sslkey: None
[0m09:50:34.113758 [info ] [MainThread]:   sslrootcert: None
[0m09:50:34.114101 [info ] [MainThread]:   application_name: dbt
[0m09:50:34.114464 [info ] [MainThread]:   autocommit: False
[0m09:50:34.114819 [info ] [MainThread]:   retries: 1
[0m09:50:34.119360 [info ] [MainThread]: Registered adapter: postgres=1.11.0
[0m09:50:34.433756 [debug] [MainThread]: Acquiring new postgres connection 'debug'
[0m09:50:34.498913 [debug] [MainThread]: Using postgres connection "debug"
[0m09:50:34.499396 [debug] [MainThread]: On debug: select 1 as id
[0m09:50:34.500782 [debug] [MainThread]: Opening a new connection, currently in state init
[0m09:50:34.623585 [debug] [MainThread]: Postgres adapter: Got a retryable error when attempting to open a postgres connection.
1 attempts remaining. Retrying in 0 seconds.
Error:
connection to server at "localhost" (::1), port 5432 failed: FATAL:  password authentication failed for user "postgres"

[0m09:50:34.634331 [debug] [MainThread]: Postgres adapter: Error running SQL: select 1 as id
[0m09:50:34.635124 [debug] [MainThread]: Postgres adapter: Rolling back transaction.
[0m09:50:34.636515 [debug] [MainThread]: On debug: No close available on handle
[0m09:50:34.637350 [info ] [MainThread]:   Connection test: [[31mERROR[0m]

[0m09:50:34.637716 [info ] [MainThread]: [31m1 check failed:[0m
[0m09:50:34.638060 [info ] [MainThread]: dbt was unable to connect to the specified database.
The database returned the following error:

  >Database Error
  connection to server at "localhost" (::1), port 5432 failed: FATAL:  password authentication failed for user "postgres"
  

Check your database credentials and try again. For more information, visit:
https://docs.getdbt.com/docs/configure-your-profile


[0m09:50:34.638623 [info ] [MainThread]: Your new dbt project "transform" was created!
Initialized new project in /home/phaw/Documents/Python/Data Engineer/weather-elt-pipeline/transform/transform

For more information on how to configure the profiles.yml file,
please consult the dbt documentation here:

  https://docs.getdbt.com/docs/configure-your-profile

One more thing:

Need help? Don't hesitate to reach out to us via GitHub issues or on Slack:

  https://community.getdbt.com/

Happy modeling!

[0m09:50:34.639181 [info ] [MainThread]: [31mYour profile may need adjustments. You can find the logs of `dbt debug` above[0m
[0m09:50:34.644098 [debug] [MainThread]: Resource report: {"command_name": "init", "command_success": true, "command_wall_clock_time": 165.78368, "process_in_blocks": "239168", "process_kernel_time": 0.437004, "process_mem_max_rss": "118888", "process_out_blocks": "96", "process_user_time": 1.843198}
[0m09:50:34.648379 [debug] [MainThread]: Command `dbt init` succeeded at 09:50:34.647701 after 165.79 seconds
[0m09:50:34.650737 [debug] [MainThread]: Connection 'debug' was properly closed.
[0m09:50:34.652841 [debug] [MainThread]: Sending event: {'category': 'dbt', 'action': 'invocation', 'label': 'end', 'context': [<snowplow_tracker.self_describing_json.SelfDescribingJson object at 0x7769ab46d0f0>, <snowplow_tracker.self_describing_json.SelfDescribingJson object at 0x7769aa507e30>, <snowplow_tracker.self_describing_json.SelfDescribingJson object at 0x7769ac061370>]}
[0m09:50:34.654609 [debug] [MainThread]: Flushing usage events
[0m09:50:36.369627 [debug] [MainThread]: An error was encountered while trying to flush usage events
